yokoyamatkaya@MacBook-Air-2 ~ % mkdir git_challenge                        
yokoyamatkaya@MacBook-Air-2 ~ % cd git_challenge                           
yokoyamatkaya@MacBook-Air-2 git_challenge % git init
Initialized empty Git repository in /Users/yokoyamatkaya/git_challenge/.git/
yokoyamatkaya@MacBook-Air-2 git_challenge % echo "Hello, world" > hello_world.txt
yokoyamatkaya@MacBook-Air-2 git_challenge % git add hello_world.txt                     
yokoyamatkaya@MacBook-Air-2 git_challenge % git commit -m "1回目のコ ミット"            
[main (root-commit) 614bc43] 1回目のコ ミット
 1 file changed, 1 insertion(+)
 create mode 100644 hello_world.txt
yokoyamatkaya@MacBook-Air-2 git_challenge % echo "こんにちは、世界！" >> hello_world.txt
yokoyamatkaya@MacBook-Air-2 git_challenge % git add hello_world.txt
yokoyamatkaya@MacBook-Air-2 git_challenge % git commit -m "2回目のコ ミット"           
[main a0556a3] 2回目のコ ミット
 1 file changed, 1 insertion(+)
yokoyamatkaya@MacBook-Air-2 git_challenge % git log --oneline
a0556a3 (HEAD -> main) 2回目のコ ミット
614bc43 1回目のコ ミット
yokoyamatkaya@MacBook-Air-2 git_challenge % 
